// Jest Snapshot v1, https://goo.gl/fbAQLP

exports[`persist 1`] = `
Object {
  "resume": Object {
    "d": Object {
      "resume": Object {
        "r": 1,
      },
      "running": Object {
        "$": "Set",
        "l": Array [
          Object {
            "r": 0,
          },
          Object {
            "r": 1,
          },
        ],
      },
    },
    "x": Object {
      "0": Object {
        "$": "Async$1",
        "d": Object {
          "$last": 6,
          "$step": 7,
          "_i": "hi",
          "cont": Object {
            "$": "Residual",
            "d": Object {
              "dest": Array [
                Object {
                  "i": "persistExit",
                },
              ],
              "state": 0,
            },
          },
          "dest": Array [],
          "state": 0,
          "value": undefined,
        },
      },
      "1": Object {
        "$": "save",
        "d": Object {
          "$arg": undefined,
          "$last": 6,
          "$step": 6,
          "cont": Object {
            "$": "Residual",
            "d": Object {
              "dest": Array [
                Object {
                  "r": 0,
                },
              ],
              "state": 0,
            },
          },
          "dest": Array [],
          "state": 0,
          "value": undefined,
        },
      },
    },
  },
}
`;

exports[`persist 2`] = `"there"`;
