// Jest Snapshot v1, https://goo.gl/fbAQLP

exports[`saveLocal 1`] = `
Object {
  "type": "FLUSH",
}
`;

exports[`saveLocal 2`] = `
Array [
  Array [
    "counters",
    "{\\"running\\":{\\"#type\\":\\"Set\\",\\"#data\\":[{\\"#ref\\":2},{\\"#ref\\":0},{\\"#ref\\":1},{\\"#ref\\":3}]},\\"resume\\":{\\"#ref\\":3},\\"#shared\\":{\\"0\\":{\\"queue\\":[],\\"$step\\":6,\\"$last\\":5,\\"#type\\":\\"_data\\"},\\"1\\":{\\"queue\\":[{\\"dest\\":[{\\"#ref\\":2}],\\"state\\":0,\\"#type\\":\\"Residual\\"}],\\"_input\\":null,\\"$step\\":13,\\"$last\\":12,\\"_loop\\":{\\"#ref\\":0},\\"_i\\":{\\"type\\":\\"FLUSH\\"},\\"#type\\":\\"saveLocal\\"},\\"2\\":{\\"dest\\":[],\\"state\\":0,\\"_f\\":{\\"_data\\":{\\"#oid\\":\\"saveLocalIter\\"}},\\"$step\\":8,\\"cont\\":{\\"dest\\":[{\\"#oid\\":\\"saveLocalExit\\"}],\\"state\\":0,\\"#type\\":\\"Residual\\"},\\"$last\\":7,\\"_loop\\":{\\"#ref\\":1},\\"#type\\":\\"Async$1\\"},\\"3\\":{\\"dest\\":[],\\"state\\":0,\\"$step\\":6,\\"cont\\":{\\"dest\\":[{\\"#ref\\":1}],\\"state\\":0,\\"#type\\":\\"Residual\\"},\\"$last\\":6,\\"#type\\":\\"save\\"}}}",
  ],
]
`;
