// Jest Snapshot v1, https://goo.gl/fbAQLP

exports[`saveLocal 1`] = `
Object {
  "d": Object {
    "type": "FLUSH",
  },
}
`;

exports[`saveLocal 2`] = `
Array [
  Array [
    "counters",
    Object {
      "resume": Object {
        "d": Object {
          "resume": Object {
            "r": 4,
          },
          "running": Object {
            "$": "Set",
            "l": Array [
              Object {
                "r": 0,
              },
              Object {
                "r": 2,
              },
              Object {
                "r": 3,
              },
              Object {
                "r": 4,
              },
            ],
          },
        },
        "x": Object {
          "0": Object {
            "$": "Async$1",
            "d": Object {
              "$last": 7,
              "$step": 8,
              "_f": Object {
                "d": Object {
                  "_data": Object {
                    "i": "saveLocalIter",
                  },
                },
              },
              "_i": Object {
                "r": 1,
              },
              "_loop": Object {
                "r": 3,
              },
              "cont": Object {
                "$": "Residual",
                "d": Object {
                  "dest": Array [
                    Object {
                      "i": "saveLocalExit",
                    },
                  ],
                  "state": 0,
                },
              },
              "dest": Array [],
              "state": 0,
            },
          },
          "1": Object {
            "d": Object {
              "type": "FLUSH",
            },
          },
          "2": Object {
            "$": "_data",
            "d": Object {
              "$last": 5,
              "$step": 6,
              "queue": Array [],
            },
          },
          "3": Object {
            "$": "saveLocal",
            "d": Object {
              "$last": 12,
              "$step": 13,
              "_i": Object {
                "r": 1,
              },
              "_input": null,
              "_loop": Object {
                "r": 2,
              },
              "queue": Array [
                Object {
                  "$": "Residual",
                  "d": Object {
                    "dest": Array [
                      Object {
                        "r": 0,
                      },
                    ],
                    "state": 0,
                  },
                },
              ],
            },
          },
          "4": Object {
            "$": "save",
            "d": Object {
              "$last": 6,
              "$step": 6,
              "cont": Object {
                "$": "Residual",
                "d": Object {
                  "dest": Array [
                    Object {
                      "r": 3,
                    },
                  ],
                  "state": 0,
                },
              },
              "dest": Array [],
              "state": 0,
            },
          },
        },
      },
    },
  ],
]
`;
