// Jest Snapshot v1, https://goo.gl/fbAQLP

exports[`saveLocal 1`] = `
Object {
  "f": Array [
    Array [
      "type",
      "FLUSH",
    ],
  ],
}
`;

exports[`saveLocal 2`] = `
Array [
  Array [
    "counters",
    Object {
      "resume": Object {
        "f": Array [
          Array [
            "running",
            Object {
              "$": "Set",
              "l": Array [
                Object {
                  "r": 3,
                },
                Object {
                  "r": 0,
                },
                Object {
                  "r": 2,
                },
                Object {
                  "r": 4,
                },
              ],
            },
          ],
          Array [
            "resume",
            Object {
              "r": 4,
            },
          ],
        ],
        "x": Array [
          Object {
            "$": "_data",
            "f": Array [
              Array [
                "queue",
                Array [],
              ],
              Array [
                "$step",
                6,
              ],
              Array [
                "$last",
                5,
              ],
              Array [
                "$arg",
                Object {
                  "$": "undefined",
                },
              ],
            ],
          },
          Object {
            "f": Array [
              Array [
                "type",
                "FLUSH",
              ],
            ],
          },
          Object {
            "$": "saveLocal",
            "f": Array [
              Array [
                "queue",
                Array [
                  Object {
                    "$": "Residual",
                    "f": Array [
                      Array [
                        "dest",
                        Array [
                          Object {
                            "r": 3,
                          },
                        ],
                      ],
                      Array [
                        "state",
                        0,
                      ],
                    ],
                  },
                ],
              ],
              Array [
                "_input",
                null,
              ],
              Array [
                "$step",
                13,
              ],
              Array [
                "$last",
                12,
              ],
              Array [
                "$arg",
                Object {
                  "$": "undefined",
                },
              ],
              Array [
                "_loop",
                Object {
                  "r": 0,
                },
              ],
              Array [
                "_i",
                Object {
                  "r": 1,
                },
              ],
            ],
          },
          Object {
            "$": "Async$1",
            "f": Array [
              Array [
                "dest",
                Array [],
              ],
              Array [
                "state",
                0,
              ],
              Array [
                "value",
                Object {
                  "$": "undefined",
                },
              ],
              Array [
                "_f",
                Object {
                  "f": Array [
                    Array [
                      "_data",
                      Object {
                        "$": "saveLocalIter",
                      },
                    ],
                  ],
                },
              ],
              Array [
                "$step",
                8,
              ],
              Array [
                "cont",
                Object {
                  "$": "Residual",
                  "f": Array [
                    Array [
                      "dest",
                      Array [
                        Object {
                          "$": "saveLocalExit",
                        },
                      ],
                    ],
                    Array [
                      "state",
                      0,
                    ],
                  ],
                },
              ],
              Array [
                "$last",
                7,
              ],
              Array [
                "_loop",
                Object {
                  "r": 2,
                },
              ],
              Array [
                "$arg",
                Object {
                  "$": "undefined",
                },
              ],
              Array [
                "_i",
                Object {
                  "r": 1,
                },
              ],
            ],
          },
          Object {
            "$": "save",
            "f": Array [
              Array [
                "dest",
                Array [],
              ],
              Array [
                "state",
                0,
              ],
              Array [
                "value",
                Object {
                  "$": "undefined",
                },
              ],
              Array [
                "$step",
                6,
              ],
              Array [
                "cont",
                Object {
                  "$": "Residual",
                  "f": Array [
                    Array [
                      "dest",
                      Array [
                        Object {
                          "r": 2,
                        },
                      ],
                    ],
                    Array [
                      "state",
                      0,
                    ],
                  ],
                },
              ],
              Array [
                "$last",
                6,
              ],
              Array [
                "$arg",
                Object {
                  "$": "undefined",
                },
              ],
            ],
          },
        ],
      },
    },
  ],
]
`;
